yarn run v1.22.22
$ cross-env NODE_OPTIONS=--max-old-space-size=4096 next build
▲ Next.js 16.2.4 (Turbopack)
- Environments: .env.local

  Creating an optimized production build ...
✓ Compiled successfully in 41s
  Running TypeScript ...
  Finished TypeScript in 42s ...
  Collecting page data using 7 workers ...
  Generating static pages using 7 workers (0/66) ...
Error fetching news: TypeError: fetch failed
    at async m (C:\Users\Luis Enrique G\OneDrive - Bechapra\Documentos\ProyectosBausen\Web\frontend\.next\server\chunks\[root-of-the-server]__0oi0_b3._.js:1:1316) {
  [cause]: AggregateError: 
      at ignore-listed frames {
    code: 'ECONNREFUSED',
    [errors]: [ [Error], [Error] ]
  }
}
Error fetching press: TypeError: fetch failed
    at async w (C:\Users\Luis Enrique G\OneDrive - Bechapra\Documentos\ProyectosBausen\Web\frontend\.next\server\chunks\[root-of-the-server]__0ivbtd8._.js:1:1316) {
  [cause]: AggregateError: 
      at ignore-listed frames {
    code: 'ECONNREFUSED',
    [errors]: [ [Error], [Error] ]
  }
}
  Generating static pages using 7 workers (16/66) 
  Generating static pages using 7 workers (32/66) 
  Generating static pages using 7 workers (49/66) 
✓ Generating static pages using 7 workers (66/66) in 2.9s
  Finalizing page optimization ...

Route (app)
┌ ○ /
├ ○ /_not-found
├ ○ /acerca-de
├ ○ /admin
├ ○ /admin/audit-log
├ ○ /admin/conctform
├ ○ /admin/config
├ ○ /admin/cv
├ ○ /admin/dashboard
├ ○ /admin/ejecutivos
├ ○ /admin/essence
├ ○ /admin/eventos
├ ○ /admin/galeria
├ ○ /admin/internships
├ ○ /admin/jobs
├ ○ /admin/news
├ ○ /admin/organigrama
├ ○ /admin/press
├ ○ /admin/servicios
├ ○ /admin/sub-servicio
├ ○ /admin/sucursales
├ ○ /admin/terminos
├ ○ /admin/ubicacion
├ ○ /admin/usuarios
├ ƒ /api/admin/audit
├ ƒ /api/admin/branches
├ ƒ /api/admin/branches/[id]
├ ƒ /api/admin/branches/[id]/activate
├ ƒ /api/admin/check
├ ƒ /api/admin/users
├ ƒ /api/admin/users-mutations
├ ƒ /api/backend/[...path]
├ ƒ /api/branches
├ ƒ /api/branches/[id]
├ ƒ /api/contact
├ ƒ /api/cookies
├ ƒ /api/news
├ ƒ /api/press
├ ƒ /api/proxy-image
├ ƒ /api/services/cards
├ ƒ /api/translate
├ ○ /eventos
├ ○ /galeria
├ ○ /noticias
├ ƒ /noticias/[title]
├ ○ /politica-de-cookies
├ ○ /politica-de-privacidad
├ ○ /prensa
├ ƒ /prensa/[title]
├ ○ /robots.txt
├ ○ /servicios
├ ƒ /servicios/[slug]
├ ○ /servicios/atraccion-de-talento
├ ○ /servicios/bechapra-basic
├ ○ /servicios/capacitacion-empresarial
├ ○ /servicios/capital-humano
├ ○ /servicios/consultoria-organizacional
├ ○ /servicios/desarrollo-organizacional
├ ○ /servicios/management-services
├ ○ /servicios/nom-035
├ ○ /servicios/otro
├ ○ /servicios/payroll
├ ○ /servicios/payrolling
├ ○ /servicios/servicios-contables
├ ○ /servicios/servicios-especializados
├ ○ /servicios/servicios-legales
├ ○ /servicios/servicios-pyme
├ ○ /sitemap.xml
├ ○ /sobre-nosotros/consejo
├ ƒ /sobre-nosotros/consejo/[slug]
├ ƒ /subservicios/[slug]
├ ○ /terminos-de-servicio
└ ○ /training-center


○  (Static)   prerendered as static content
ƒ  (Dynamic)  server-rendered on demand

Done in 106.05s.
